// Jest Snapshot v1, https://goo.gl/fbAQLP

exports[`rewriteReactNodeRecursively should recursively rewrite string subnodes in a ReactElement 1`] = `
<span>
  This is barbar, 
  <i>
    it has a bar
  </i>
  .
</span>
`;
